local foo#2 =
        function(a#4 =
            error "Parameter \'a\' not bound",
          b#5 =
            error "Parameter \'b\' not bound",
        )
          ((a#4 + b#5) + c#3),
      c#3 = 10.0;
foo#2(c#3, b = 5.0)
