if true then null else error "Assertion failed: true"
