local foo#2 = [0.0];
std#1["slice"](foo#2, 0.0, 10.0, 2.0)
