local foo#2 = [0.0];
std#1["slice"](foo#2, null, 10.0, null)
