OpNot("!")
Whitespace(" ")
OpMinus("-")
Whitespace(" ")
Number("10")
Whitespace("\n")
