KeywordSuper("super")
SymbolLeftBracket("[")
StringSingleQuoted("\'foo\'")
SymbolRightBracket("]")
Whitespace("\n")
