Ident@0:9 "CCompiler"
Whitespace@9:10 " "
SymbolLeftBrace@10:11 "{"
Whitespace@11:12 " "
Ident@12:20 "compiler"
OpColon@20:21 ":"
Whitespace@21:22 " "
StringDoubleQuoted@22:27 "\"gcc\""
Whitespace@27:28 " "
SymbolRightBrace@28:29 "}"
Whitespace@29:30 "\n"
