KeywordAssert("assert")
Whitespace(" ")
KeywordTrue("true")
Whitespace(" ")
SymbolSemi(";")
Whitespace(" ")
KeywordNull("null")
Whitespace("\n")
