KeywordImport@0:6 "import"
Whitespace@6:7 " "
StringDoubleQuoted@7:13 "\"test\""
Whitespace@13:14 "\n"
