OpMinus("-")
Whitespace(" ")
Number("10")
Whitespace("\n")
