SymbolLeftParen("(")
Number("5")
SymbolRightParen(")")
Whitespace("\n")
