StringDoubleQuoted@0:6 "\"test\""
Whitespace@6:7 "\n"
