Ident("foo")
SymbolLeftParen("(")
Number("0")
SymbolRightParen(")")
Whitespace("\n")
