SymbolLeftBrace("{")
SymbolLeftBracket("[")
Ident("x")
SymbolRightBracket("]")
OpColon(":")
Whitespace(" ")
KeywordTrue("true")
Whitespace(" ")
KeywordFor("for")
Whitespace(" ")
Ident("x")
Whitespace(" ")
KeywordIn("in")
Whitespace(" ")
SymbolLeftBracket("[")
StringSingleQuoted("\'x\'")
SymbolRightBracket("]")
SymbolRightBrace("}")
Whitespace("\n")
