Ident@0:3 "foo"
SymbolLeftParen@3:4 "("
Ident@4:7 "bar"
Whitespace@7:8 " "
OpAssign@8:9 "="
Whitespace@9:10 " "
Number@10:11 "0"
SymbolRightParen@11:12 ")"
Whitespace@12:13 "\n"
