Ident@0:3 "foo"
SymbolLeftBracket@3:4 "["
OpDoubleColon@4:6 "::"
SymbolRightBracket@6:7 "]"
Whitespace@7:8 "\n"
