KeywordLocal@0:5 "local"
Whitespace@5:6 " "
Ident@6:9 "foo"
Whitespace@9:10 " "
OpAssign@10:11 "="
Whitespace@11:12 " "
KeywordTrue@12:16 "true"
Whitespace@16:17 " "
SymbolSemi@17:18 ";"
Whitespace@18:19 " "
Ident@19:22 "foo"
Whitespace@22:23 "\n"
