SOURCE_FILE@0..6
  FALSE_EXPR@0..5
    FALSE_KW@0..5 "false"
  WHITESPACE@5..6 "\n"
