SOURCE_FILE@0..9
  SLICE_EXPR@0..8
    IDENT_EXPR@0..3
      IDENT@0..3 "foo"
    L_BRACK@3..4 "["
    DOUBLE_COLON_OP@4..6 "::"
    SLICE_STEP@6..7
      NUMBER_EXPR@6..7
        NUMBER@6..7 "2"
    R_BRACK@7..8 "]"
  WHITESPACE@8..9 "\n"
